../Core/Src/main.c:142:6:ADXL345_CS_Select	8	static
../Core/Src/main.c:143:6:ADXL345_CS_Deselect	8	static
../Core/Src/main.c:146:6:ADXL345_WriteReg	24	static
../Core/Src/main.c:153:9:ADXL345_ReadReg	32	static
../Core/Src/main.c:162:6:ADXL345_ReadAxes	56	static
../Core/Src/main.c:177:9:ADXL_ReadReg	24	static
../Core/Src/main.c:190:6:ADXL_TestLoop	144	static
../Core/Src/main.c:211:6:ADXL345_Init	8	static
../Core/Src/main.c:245:9:ADXL345_ReadID	24	static
../Core/Src/main.c:264:6:process_sample_and_detect	464	static
../Core/Src/main.c:305:6:HAL_GPIO_EXTI_Callback	160	static
../Core/Src/main.c:324:6:HAL_TIM_PeriodElapsedCallback	352	static
../Core/Src/main.c:375:5:main	264	static
../Core/Src/main.c:447:6:SystemClock_Config	72	static
../Core/Src/main.c:487:13:MX_SPI1_Init	8	static
../Core/Src/main.c:525:13:MX_SPI2_Init	8	static
../Core/Src/main.c:563:13:MX_TIM2_Init	32	static
../Core/Src/main.c:608:13:MX_USART1_UART_Init	8	static
../Core/Src/main.c:639:13:MX_DMA_Init	16	static
../Core/Src/main.c:663:13:MX_GPIO_Init	40	static
../Core/Src/main.c:718:6:Error_Handler	4	static,ignoring_inline_asm
