../Core/Src/stm32f1xx_it.c:75:6:NMI_Handler	4	static
../Core/Src/stm32f1xx_it.c:90:6:HardFault_Handler	4	static
../Core/Src/stm32f1xx_it.c:105:6:MemManage_Handler	4	static
../Core/Src/stm32f1xx_it.c:120:6:BusFault_Handler	4	static
../Core/Src/stm32f1xx_it.c:135:6:UsageFault_Handler	4	static
../Core/Src/stm32f1xx_it.c:150:6:SVC_Handler	4	static
../Core/Src/stm32f1xx_it.c:163:6:DebugMon_Handler	4	static
../Core/Src/stm32f1xx_it.c:176:6:PendSV_Handler	4	static
../Core/Src/stm32f1xx_it.c:189:6:SysTick_Handler	8	static
../Core/Src/stm32f1xx_it.c:210:6:EXTI0_IRQHandler	136	static
../Core/Src/stm32f1xx_it.c:227:6:DMA1_Channel3_IRQHandler	8	static
../Core/Src/stm32f1xx_it.c:241:6:DMA1_Channel4_IRQHandler	8	static
../Core/Src/stm32f1xx_it.c:255:6:DMA1_Channel5_IRQHandler	8	static
../Core/Src/stm32f1xx_it.c:269:6:TIM2_IRQHandler	8	static
../Core/Src/stm32f1xx_it.c:283:6:SPI1_IRQHandler	8	static
../Core/Src/stm32f1xx_it.c:297:6:SPI2_IRQHandler	8	static
../Core/Src/stm32f1xx_it.c:311:6:USART1_IRQHandler	8	static
