../Core/Src/main.c:78:6:HAL_ADC_ConvCpltCallback	16	static
../Core/Src/main.c:90:5:main	296	static
../Core/Src/main.c:174:6:SystemClock_Config	88	static
../Core/Src/main.c:221:13:MX_ADC1_Init	24	static
../Core/Src/main.c:284:13:MX_SPI1_Init	8	static
../Core/Src/main.c:322:13:MX_TIM1_Init	80	static
../Core/Src/main.c:386:13:MX_USART1_UART_Init	8	static
../Core/Src/main.c:417:13:MX_DMA_Init	16	static
../Core/Src/main.c:438:13:MX_GPIO_Init	32	static
../Core/Src/main.c:472:6:Error_Handler	4	static,ignoring_inline_asm
