../Core/Src/main.c:129:6:HAL_ADC_ConvCpltCallback	304	static
../Core/Src/main.c:164:6:run_adc	8	static
../Core/Src/main.c:178:5:main	264	static
../Core/Src/main.c:264:6:SystemClock_Config	88	static
../Core/Src/main.c:311:13:MX_ADC1_Init	24	static
../Core/Src/main.c:376:13:MX_SPI1_Init	8	static
../Core/Src/main.c:414:13:MX_TIM1_Init	80	static
../Core/Src/main.c:478:13:MX_USART1_UART_Init	8	static
../Core/Src/main.c:509:13:MX_DMA_Init	16	static
../Core/Src/main.c:530:13:MX_GPIO_Init	32	static
../Core/Src/main.c:564:6:Error_Handler	4	static,ignoring_inline_asm
