../Core/Src/main.c:83:5:input_buf_init	16	static
../Core/Src/main.c:95:5:input_buf_read_content	24	static
../Core/Src/main.c:109:6:input_buffer_clear	16	static
../Core/Src/main.c:118:5:output_buf_init	16	static
../Core/Src/main.c:128:24:advance_index	16	static
../Core/Src/main.c:133:13:uart_tx_start_if_needed	16	static
../Core/Src/main.c:144:13:uart_write_bytes	24	static
../Core/Src/main.c:158:13:uart_write_str	16	static
../Core/Src/main.c:164:13:uart_write_line	16	static
../Core/Src/main.c:171:5:process_command	192	static
../Core/Src/main.c:228:6:HAL_UART_RxCpltCallback	24	static
../Core/Src/main.c:262:6:HAL_UART_TxCpltCallback	24	static
../Core/Src/main.c:285:5:main	8	static
../Core/Src/main.c:340:6:SystemClock_Config	72	static
../Core/Src/main.c:377:13:MX_USART1_UART_Init	8	static
../Core/Src/main.c:410:13:MX_GPIO_Init	32	static
../Core/Src/main.c:456:6:Error_Handler	4	static,ignoring_inline_asm
