../Core/Src/main.c:79:6:HAL_ADC_ConvCpltCallback	304	static
../Core/Src/main.c:111:6:run_adc	16	static
../Core/Src/main.c:130:5:main	8	static
../Core/Src/main.c:193:6:SystemClock_Config	88	static
../Core/Src/main.c:240:13:MX_ADC1_Init	24	static
../Core/Src/main.c:287:13:MX_SPI1_Init	8	static
../Core/Src/main.c:325:13:MX_TIM1_Init	80	static
../Core/Src/main.c:389:13:MX_USART1_UART_Init	8	static
../Core/Src/main.c:420:13:MX_DMA_Init	16	static
../Core/Src/main.c:438:13:MX_GPIO_Init	32	static
../Core/Src/main.c:472:6:Error_Handler	4	static,ignoring_inline_asm
