../Core/Src/main.c:77:6:HAL_ADC_ConvCpltCallback	176	static
../Core/Src/main.c:100:6:mytick	16	static
../Core/Src/main.c:118:5:main	8	static
../Core/Src/main.c:178:6:SystemClock_Config	88	static
../Core/Src/main.c:225:13:MX_ADC1_Init	24	static
../Core/Src/main.c:272:13:MX_SPI1_Init	8	static
../Core/Src/main.c:310:13:MX_TIM1_Init	80	static
../Core/Src/main.c:374:13:MX_USART1_UART_Init	8	static
../Core/Src/main.c:405:13:MX_DMA_Init	16	static
../Core/Src/main.c:423:13:MX_GPIO_Init	32	static
../Core/Src/main.c:457:6:Error_Handler	4	static,ignoring_inline_asm
