../Core/Src/main.c:75:6:ADXL345_CS_Select	8	static
../Core/Src/main.c:76:6:ADXL345_CS_Deselect	8	static
../Core/Src/main.c:79:6:ADXL345_WriteReg	24	static
../Core/Src/main.c:86:9:ADXL345_ReadReg	32	static
../Core/Src/main.c:95:6:ADXL345_ReadAxes	56	static
../Core/Src/main.c:115:6:ADXL345_Init	8	static
../Core/Src/main.c:139:9:ADXL345_ReadID	24	static
../Core/Src/main.c:158:6:process_sample_and_detect	336	static
../Core/Src/main.c:199:5:main	272	static
../Core/Src/main.c:258:6:SystemClock_Config	72	static
../Core/Src/main.c:298:13:MX_SPI1_Init	8	static
../Core/Src/main.c:336:13:MX_SPI2_Init	8	static
../Core/Src/main.c:374:13:MX_USART1_UART_Init	8	static
../Core/Src/main.c:405:13:MX_DMA_Init	16	static
../Core/Src/main.c:429:13:MX_GPIO_Init	40	static
../Core/Src/main.c:464:6:Error_Handler	4	static,ignoring_inline_asm
