../Core/Src/main.c:53:5:_write	32	static
../Core/Src/main.c:90:5:input_buf_init	16	static
../Core/Src/main.c:102:5:input_buf_read_content	24	static
../Core/Src/main.c:116:6:input_buffer_clear	16	static
../Core/Src/main.c:125:5:input_buf_process_rxne_it	24	static
../Core/Src/main.c:148:5:output_buf_init	16	static
../Core/Src/main.c:160:5:output_buf_send_str	24	static
../Core/Src/main.c:182:5:output_buf_process_txe_it	16	static
../Core/Src/main.c:198:5:process_command	176	static
../Core/Src/main.c:259:5:main	8	static
../Core/Src/main.c:324:6:SystemClock_Config	72	static
../Core/Src/main.c:361:13:MX_USART1_UART_Init	8	static
../Core/Src/main.c:394:13:MX_GPIO_Init	32	static
../Core/Src/main.c:440:6:Error_Handler	4	static,ignoring_inline_asm
