/home/user1/STM32Cube/Repository/STM32Cube_FW_F1_V1.8.6/Drivers/CMSIS/Core/Include/core_cm3.h:1511:22:__NVIC_EnableIRQ	16	static
/home/user1/STM32Cube/Repository/STM32Cube_FW_F1_V1.8.6/Drivers/CMSIS/Core/Include/core_cm3.h:1639:22:__NVIC_SetPriority	16	static
../Src/main.c:27:6:SetSysClockTo72	4	static
../Src/main.c:57:6:PINA_0_INIT	4	static
../Src/main.c:73:6:PINB_2_INIT	4	static
../Src/main.c:82:6:Interrupt_EXTI_PA0_Init	8	static
../Src/main.c:94:6:EXTI0_IRQHandler	16	static
../Src/main.c:109:5:main	8	static
