Archive member included to satisfy reference by file (symbol)

/opt/st/stm32cubeide_1.19.0_2/plugins/com.st.stm32cube.ide.mcu.externaltools.gnu-tools-for-stm32.13.3.rel1.linux64_1.0.0.202410170706/tools/bin/../lib/gcc/arm-none-eabi/13.3.1/../../../../arm-none-eabi/lib/thumb/v7-m/nofp/libc_nano.a(libc_a-exit.o)
                              /opt/st/stm32cubeide_1.19.0_2/plugins/com.st.stm32cube.ide.mcu.externaltools.gnu-tools-for-stm32.13.3.rel1.linux64_1.0.0.202410170706/tools/bin/../lib/gcc/arm-none-eabi/13.3.1/../../../../arm-none-eabi/lib/thumb/v7-m/nofp/crt0.o (exit)
/opt/st/stm32cubeide_1.19.0_2/plugins/com.st.stm32cube.ide.mcu.externaltools.gnu-tools-for-stm32.13.3.rel1.linux64_1.0.0.202410170706/tools/bin/../lib/gcc/arm-none-eabi/13.3.1/../../../../arm-none-eabi/lib/thumb/v7-m/nofp/libc_nano.a(libc_a-findfp.o)
                              /opt/st/stm32cubeide_1.19.0_2/plugins/com.st.stm32cube.ide.mcu.externaltools.gnu-tools-for-stm32.13.3.rel1.linux64_1.0.0.202410170706/tools/bin/../lib/gcc/arm-none-eabi/13.3.1/../../../../arm-none-eabi/lib/thumb/v7-m/nofp/libc_nano.a(libc_a-exit.o) (__stdio_exit_handler)
/opt/st/stm32cubeide_1.19.0_2/plugins/com.st.stm32cube.ide.mcu.externaltools.gnu-tools-for-stm32.13.3.rel1.linux64_1.0.0.202410170706/tools/bin/../lib/gcc/arm-none-eabi/13.3.1/../../../../arm-none-eabi/lib/thumb/v7-m/nofp/libc_nano.a(libc_a-fwalk.o)
                              /opt/st/stm32cubeide_1.19.0_2/plugins/com.st.stm32cube.ide.mcu.externaltools.gnu-tools-for-stm32.13.3.rel1.linux64_1.0.0.202410170706/tools/bin/../lib/gcc/arm-none-eabi/13.3.1/../../../../arm-none-eabi/lib/thumb/v7-m/nofp/libc_nano.a(libc_a-findfp.o) (_fwalk_sglue)
/opt/st/stm32cubeide_1.19.0_2/plugins/com.st.stm32cube.ide.mcu.externaltools.gnu-tools-for-stm32.13.3.rel1.linux64_1.0.0.202410170706/tools/bin/../lib/gcc/arm-none-eabi/13.3.1/../../../../arm-none-eabi/lib/thumb/v7-m/nofp/libc_nano.a(libc_a-stdio.o)
                              /opt/st/stm32cubeide_1.19.0_2/plugins/com.st.stm32cube.ide.mcu.externaltools.gnu-tools-for-stm32.13.3.rel1.linux64_1.0.0.202410170706/tools/bin/../lib/gcc/arm-none-eabi/13.3.1/../../../../arm-none-eabi/lib/thumb/v7-m/nofp/libc_nano.a(libc_a-findfp.o) (__sread)
/opt/st/stm32cubeide_1.19.0_2/plugins/com.st.stm32cube.ide.mcu.externaltools.gnu-tools-for-stm32.13.3.rel1.linux64_1.0.0.202410170706/tools/bin/../lib/gcc/arm-none-eabi/13.3.1/../../../../arm-none-eabi/lib/thumb/v7-m/nofp/libc_nano.a(libc_a-memset.o)
                              /opt/st/stm32cubeide_1.19.0_2/plugins/com.st.stm32cube.ide.mcu.externaltools.gnu-tools-for-stm32.13.3.rel1.linux64_1.0.0.202410170706/tools/bin/../lib/gcc/arm-none-eabi/13.3.1/../../../../arm-none-eabi/lib/thumb/v7-m/nofp/crt0.o (memset)
/opt/st/stm32cubeide_1.19.0_2/plugins/com.st.stm32cube.ide.mcu.externaltools.gnu-tools-for-stm32.13.3.rel1.linux64_1.0.0.202410170706/tools/bin/../lib/gcc/arm-none-eabi/13.3.1/../../../../arm-none-eabi/lib/thumb/v7-m/nofp/libc_nano.a(libc_a-closer.o)
                              /opt/st/stm32cubeide_1.19.0_2/plugins/com.st.stm32cube.ide.mcu.externaltools.gnu-tools-for-stm32.13.3.rel1.linux64_1.0.0.202410170706/tools/bin/../lib/gcc/arm-none-eabi/13.3.1/../../../../arm-none-eabi/lib/thumb/v7-m/nofp/libc_nano.a(libc_a-stdio.o) (_close_r)
/opt/st/stm32cubeide_1.19.0_2/plugins/com.st.stm32cube.ide.mcu.externaltools.gnu-tools-for-stm32.13.3.rel1.linux64_1.0.0.202410170706/tools/bin/../lib/gcc/arm-none-eabi/13.3.1/../../../../arm-none-eabi/lib/thumb/v7-m/nofp/libc_nano.a(libc_a-reent.o)
                              /opt/st/stm32cubeide_1.19.0_2/plugins/com.st.stm32cube.ide.mcu.externaltools.gnu-tools-for-stm32.13.3.rel1.linux64_1.0.0.202410170706/tools/bin/../lib/gcc/arm-none-eabi/13.3.1/../../../../arm-none-eabi/lib/thumb/v7-m/nofp/libc_nano.a(libc_a-closer.o) (errno)
/opt/st/stm32cubeide_1.19.0_2/plugins/com.st.stm32cube.ide.mcu.externaltools.gnu-tools-for-stm32.13.3.rel1.linux64_1.0.0.202410170706/tools/bin/../lib/gcc/arm-none-eabi/13.3.1/../../../../arm-none-eabi/lib/thumb/v7-m/nofp/libc_nano.a(libc_a-impure.o)
                              /opt/st/stm32cubeide_1.19.0_2/plugins/com.st.stm32cube.ide.mcu.externaltools.gnu-tools-for-stm32.13.3.rel1.linux64_1.0.0.202410170706/tools/bin/../lib/gcc/arm-none-eabi/13.3.1/../../../../arm-none-eabi/lib/thumb/v7-m/nofp/libc_nano.a(libc_a-reent.o) (_impure_ptr)
/opt/st/stm32cubeide_1.19.0_2/plugins/com.st.stm32cube.ide.mcu.externaltools.gnu-tools-for-stm32.13.3.rel1.linux64_1.0.0.202410170706/tools/bin/../lib/gcc/arm-none-eabi/13.3.1/../../../../arm-none-eabi/lib/thumb/v7-m/nofp/libc_nano.a(libc_a-lseekr.o)
                              /opt/st/stm32cubeide_1.19.0_2/plugins/com.st.stm32cube.ide.mcu.externaltools.gnu-tools-for-stm32.13.3.rel1.linux64_1.0.0.202410170706/tools/bin/../lib/gcc/arm-none-eabi/13.3.1/../../../../arm-none-eabi/lib/thumb/v7-m/nofp/libc_nano.a(libc_a-stdio.o) (_lseek_r)
[...]
Memory Configuration

Name             Origin             Length             Attributes
RAM              0x20000000         0x00005000         xrw
FLASH            0x08000000         0x00010000         xr
*default*        0x00000000         0xffffffff

Linker script and memory map

LOAD /opt/st/stm32cubeide_1.19.0_2/plugins/com.st.stm32cube.ide.mcu.externaltools.gnu-tools-for-stm32.13.3.rel1.linux64_1.0.0.202410170706/tools/bin/../lib/gcc/arm-none-eabi/13.3.1/thumb/v7-m/nofp/crti.o
LOAD /opt/st/stm32cubeide_1.19.0_2/plugins/com.st.stm32cube.ide.mcu.externaltools.gnu-tools-for-stm32.13.3.rel1.linux64_1.0.0.202410170706/tools/bin/../lib/gcc/arm-none-eabi/13.3.1/thumb/v7-m/nofp/crtbegin.o
LOAD /opt/st/stm32cubeide_1.19.0_2/plugins/com.st.stm32cube.ide.mcu.externaltools.gnu-tools-for-stm32.13.3.rel1.linux64_1.0.0.202410170706/tools/bin/../lib/gcc/arm-none-eabi/13.3.1/../../../../arm-none-eabi/lib/thumb/v7-m/nofp/crt0.o
LOAD ./Core/Src/main.o
LOAD ./Core/Src/st7789.o
LOAD ./Core/Src/st7789_font.o
LOAD ./Core/Src/stm32f1xx_hal_msp.o
LOAD ./Core/Src/stm32f1xx_it.o
LOAD ./Core/Src/syscalls.o
LOAD ./Core/Src/sysmem.o
LOAD ./Core/Src/system_stm32f1xx.o
LOAD ./Core/Startup/startup_stm32f103c8tx.o
LOAD ./Drivers/STM32F1xx_HAL_Driver/Src/stm32f1xx_hal.o
LOAD ./Drivers/STM32F1xx_HAL_Driver/Src/stm32f1xx_hal_cortex.o
LOAD ./Drivers/STM32F1xx_HAL_Driver/Src/stm32f1xx_hal_dma.o
LOAD ./Drivers/STM32F1xx_HAL_Driver/Src/stm32f1xx_hal_exti.o
LOAD ./Drivers/STM32F1xx_HAL_Driver/Src/stm32f1xx_hal_flash.o
LOAD ./Drivers/STM32F1xx_HAL_Driver/Src/stm32f1xx_hal_flash_ex.o
LOAD ./Drivers/STM32F1xx_HAL_Driver/Src/stm32f1xx_hal_gpio.o
LOAD ./Drivers/STM32F1xx_HAL_Driver/Src/stm32f1xx_hal_gpio_ex.o
LOAD ./Drivers/STM32F1xx_HAL_Driver/Src/stm32f1xx_hal_pwr.o
LOAD ./Drivers/STM32F1xx_HAL_Driver/Src/stm32f1xx_hal_rcc.o
LOAD ./Drivers/STM32F1xx_HAL_Driver/Src/stm32f1xx_hal_rcc_ex.o
LOAD ./Drivers/STM32F1xx_HAL_Driver/Src/stm32f1xx_hal_spi.o
START GROUP
LOAD /opt/st/stm32cubeide_1.19.0_2/plugins/com.st.stm32cube.ide.mcu.externaltools.gnu-tools-for-stm32.13.3.rel1.linux64_1.0.0.202410170706/tools/bin/../lib/gcc/arm-none-eabi/13.3.1/../../../../arm-none-eabi/lib/thumb/v7-m/nofp/libc_nano.a
LOAD /opt/st/stm32cubeide_1.19.0_2/plugins/com.st.stm32cube.ide.mcu.externaltools.gnu-tools-for-stm32.13.3.rel1.linux64_1.0.0.202410170706/tools/bin/../lib/gcc/arm-none-eabi/13.3.1/../../../../arm-none-eabi/lib/thumb/v7-m/nofp/libm.a
END GROUP
START GROUP
LOAD /opt/st/stm32cubeide_1.19.0_2/plugins/com.st.stm32cube.ide.mcu.externaltools.gnu-tools-for-stm32.13.3.rel1.linux64_1.0.0.202410170706/tools/bin/../lib/gcc/arm-none-eabi/13.3.1/thumb/v7-m/nofp/libgcc.a
LOAD /opt/st/stm32cubeide_1.19.0_2/plugins/com.st.stm32cube.ide.mcu.externaltools.gnu-tools-for-stm32.13.3.rel1.linux64_1.0.0.202410170706/tools/bin/../lib/gcc/arm-none-eabi/13.3.1/../../../../arm-none-eabi/lib/thumb/v7-m/nofp/libc_nano.a
END GROUP
START GROUP
LOAD /opt/st/stm32cubeide_1.19.0_2/plugins/com.st.stm32cube.ide.mcu.externaltools.gnu-tools-for-stm32.13.3.rel1.linux64_1.0.0.202410170706/tools/bin/../lib/gcc/arm-none-eabi/13.3.1/thumb/v7-m/nofp/libgcc.a
LOAD /opt/st/stm32cubeide_1.19.0_2/plugins/com.st.stm32cube.ide.mcu.externaltools.gnu-tools-for-stm32.13.3.rel1.linux64_1.0.0.202410170706/tools/bin/../lib/gcc/arm-none-eabi/13.3.1/../../../../arm-none-eabi/lib/thumb/v7-m/nofp/libc_nano.a
LOAD /opt/st/stm32cubeide_1.19.0_2/plugins/com.st.stm32cube.ide.mcu.externaltools.gnu-tools-for-stm32.13.3.rel1.linux64_1.0.0.202410170706/tools/bin/../lib/gcc/arm-none-eabi/13.3.1/../../../../arm-none-eabi/lib/thumb/v7-m/nofp/libnosys.a
END GROUP
START GROUP
LOAD /opt/st/stm32cubeide_1.19.0_2/plugins/com.st.stm32cube.ide.mcu.externaltools.gnu-tools-for-stm32.13.3.rel1.linux64_1.0.0.202410170706/tools/bin/../lib/gcc/arm-none-eabi/13.3.1/thumb/v7-m/nofp/libgcc.a
LOAD /opt/st/stm32cubeide_1.19.0_2/plugins/com.st.stm32cube.ide.mcu.externaltools.gnu-tools-for-stm32.13.3.rel1.linux64_1.0.0.202410170706/tools/bin/../lib/gcc/arm-none-eabi/13.3.1/../../../../arm-none-eabi/lib/thumb/v7-m/nofp/libc_nano.a
LOAD /opt/st/stm32cubeide_1.19.0_2/plugins/com.st.stm32cube.ide.mcu.externaltools.gnu-tools-for-stm32.13.3.rel1.linux64_1.0.0.202410170706/tools/bin/../lib/gcc/arm-none-eabi/13.3.1/../../../../arm-none-eabi/lib/thumb/v7-m/nofp/libnosys.a
END GROUP
LOAD /opt/st/stm32cubeide_1.19.0_2/plugins/com.st.stm32cube.ide.mcu.externaltools.gnu-tools-for-stm32.13.3.rel1.linux64_1.0.0.202410170706/tools/bin/../lib/gcc/arm-none-eabi/13.3.1/thumb/v7-m/nofp/crtend.o
LOAD /opt/st/stm32cubeide_1.19.0_2/plugins/com.st.stm32cube.ide.mcu.externaltools.gnu-tools-for-stm32.13.3.rel1.linux64_1.0.0.202410170706/tools/bin/../lib/gcc/arm-none-eabi/13.3.1/thumb/v7-m/nofp/crtn.o
                0x20005000                        _estack = (ORIGIN (RAM) + LENGTH (RAM))
                0x00003000                        _Min_Heap_Size = 0x3000
                0x00001000                        _Min_Stack_Size = 0x1000

.isr_vector     0x08000000      0x10c
                0x08000000                        . = ALIGN (0x4)
 *(.isr_vector)
 .isr_vector    0x08000000      0x10c ./Core/Startup/startup_stm32f103c8tx.o
                0x08000000                g_pfnVectors
                0x0800010c                        . = ALIGN (0x4)

.text           0x0800010c     0x2b88
                0x0800010c                        . = ALIGN (0x4)
 *(.text)
 .text          0x0800010c       0x40 /opt/st/stm32cubeide_1.19.0_2/plugins/com.st.stm32cube.ide.mcu.externaltools.gnu-tools-for-stm32.13.3.rel1.linux64_1.0.0.202410170706/tools/bin/../lib/gcc/arm-none-eabi/13.3.1/thumb/v7-m/nofp/crtbegin.o
 *(.text*)
 .text.ST7789_Demo
                0x0800014c      0x1d0 ./Core/Src/main.o
                0x0800014c                ST7789_Demo
 .text.ST7789_DrawBitmap
                0x0800031c       0x92 ./Core/Src/main.o
                0x0800031c                ST7789_DrawBitmap
 *fill*         0x080003ae        0x2 
 .text.main     0x080003b0       0x34 ./Core/Src/main.o
                0x080003b0                main
 .text.SystemClock_Config
                0x080003e4       0x80 ./Core/Src/main.o
                0x080003e4                SystemClock_Config
 .text.MX_SPI1_Init
                0x08000464       0x6c ./Core/Src/main.o
 .text.MX_DMA_Init
                0x080004d0       0x3c ./Core/Src/main.o
 .text.MX_GPIO_Init
                0x0800050c       0x64 ./Core/Src/main.o
 .text.Error_Handler
                0x08000570        0xc ./Core/Src/main.o
                0x08000570                Error_Handler
 .text.ST7789_TransmitCommand
                0x0800057c       0x48 ./Core/Src/st7789.o
                0x0800057c                ST7789_TransmitCommand
 .text.ST7789_TransmitSingleData
                0x080005c4       0x48 ./Core/Src/st7789.o
                0x080005c4                ST7789_TransmitSingleData
 .text.ST7789_TransmitData
                0x0800060c       0x90 ./Core/Src/st7789.o
                0x0800060c                ST7789_TransmitData
 .text.ST7789_Init
                0x0800069c      0x14c ./Core/Src/st7789.o
                0x0800069c                ST7789_Init
 .text.ST7789_SetRotation
                0x080007e8       0x58 ./Core/Src/st7789.o
                0x080007e8                ST7789_SetRotation
 .text.ST7789_SetWindowAddress
                0x08000840       0x90 ./Core/Src/st7789.o
                0x08000840                ST7789_SetWindowAddress
 .text.ST7789_FillScreen
                0x080008d0       0x7c ./Core/Src/st7789.o
                0x080008d0                ST7789_FillScreen
 .text.ST7789_DrawPixel
                0x0800094c       0x50 ./Core/Src/st7789.o
                0x0800094c                ST7789_DrawPixel
 .text.ST7789_DrawLine
                0x0800099c      0x118 ./Core/Src/st7789.o
                0x0800099c                ST7789_DrawLine
 .text.ST7789_DrawRectangle
                0x08000ab4       0x6e ./Core/Src/st7789.o
                0x08000ab4                ST7789_DrawRectangle
 .text.ST7789_DrawFilledRectangle
                0x08000b22       0x98 ./Core/Src/st7789.o
                0x08000b22                ST7789_DrawFilledRectangle
 .text.ST7789_DrawCircle
                0x08000bba      0x1b4 ./Core/Src/st7789.o
                0x08000bba                ST7789_DrawCircle
 .text.ST7789_DrawFilledCircle
                0x08000d6e      0x1b6 ./Core/Src/st7789.o
                0x08000d6e                ST7789_DrawFilledCircle
 .text.ST7789_PutChar
                0x08000f24       0xe4 ./Core/Src/st7789.o
                0x08000f24                ST7789_PutChar
 .text.ST7789_PutString
                0x08001008       0x8c ./Core/Src/st7789.o
                0x08001008                ST7789_PutString
 .text.HAL_MspInit
                0x08001094       0x64 ./Core/Src/stm32f1xx_hal_msp.o
                0x08001094                HAL_MspInit
 .text.HAL_SPI_MspInit
                0x080010f8       0xd0 ./Core/Src/stm32f1xx_hal_msp.o
                0x080010f8                HAL_SPI_MspInit
 .text.NMI_Handler
                0x080011c8        0x8 ./Core/Src/stm32f1xx_it.o
                0x080011c8                NMI_Handler
 .text.HardFault_Handler
                0x080011d0        0x8 ./Core/Src/stm32f1xx_it.o
                0x080011d0                HardFault_Handler
 .text.MemManage_Handler
                0x080011d8        0x8 ./Core/Src/stm32f1xx_it.o
                0x080011d8                MemManage_Handler
 .text.BusFault_Handler
                0x080011e0        0x8 ./Core/Src/stm32f1xx_it.o
                0x080011e0                BusFault_Handler
 .text.UsageFault_Handler
                0x080011e8        0x8 ./Core/Src/stm32f1xx_it.o
                0x080011e8                UsageFault_Handler
 .text.SVC_Handler
                0x080011f0        0xc ./Core/Src/stm32f1xx_it.o
                0x080011f0                SVC_Handler
 .text.DebugMon_Handler
                0x080011fc        0xc ./Core/Src/stm32f1xx_it.o
                0x080011fc                DebugMon_Handler
 .text.PendSV_Handler
                0x08001208        0xc ./Core/Src/stm32f1xx_it.o
                0x08001208                PendSV_Handler
 .text.SysTick_Handler
                0x08001214        0xc ./Core/Src/stm32f1xx_it.o
                0x08001214                SysTick_Handler
 .text.DMA1_Channel3_IRQHandler
                0x08001220       0x14 ./Core/Src/stm32f1xx_it.o
                0x08001220                DMA1_Channel3_IRQHandler
 .text.SystemInit
                0x08001234        0xc ./Core/Src/system_stm32f1xx.o
                0x08001234                SystemInit
 .text.Reset_Handler
                0x08001240       0x48 ./Core/Startup/startup_stm32f103c8tx.o
                0x08001240                Reset_Handler
 .text.Default_Handler
                0x08001288        0x2 ./Core/Startup/startup_stm32f103c8tx.o
                0x08001288                RTC_Alarm_IRQHandler
                0x08001288                EXTI2_IRQHandler
                0x08001288                TIM1_CC_IRQHandler
                0x08001288                PVD_IRQHandler
                0x08001288                EXTI3_IRQHandler
                0x08001288                EXTI0_IRQHandler
                0x08001288                I2C2_EV_IRQHandler
                0x08001288                ADC1_2_IRQHandler
                0x08001288                SPI1_IRQHandler
                0x08001288                TAMPER_IRQHandler
                0x08001288                DMA1_Channel4_IRQHandler
                0x08001288                USART3_IRQHandler
                0x08001288                RTC_IRQHandler
                0x08001288                DMA1_Channel7_IRQHandler
                0x08001288                CAN1_RX1_IRQHandler
                0x08001288                TIM4_IRQHandler
                0x08001288                I2C1_EV_IRQHandler
                0x08001288                DMA1_Channel6_IRQHandler
                0x08001288                TIM3_IRQHandler
                0x08001288                RCC_IRQHandler
                0x08001288                TIM1_TRG_COM_IRQHandler
                0x08001288                DMA1_Channel1_IRQHandler
                0x08001288                Default_Handler
                0x08001288                EXTI15_10_IRQHandler
                0x08001288                EXTI9_5_IRQHandler
                0x08001288                SPI2_IRQHandler
                0x08001288                DMA1_Channel5_IRQHandler
                0x08001288                EXTI4_IRQHandler
                0x08001288                USB_LP_CAN1_RX0_IRQHandler
                0x08001288                USB_HP_CAN1_TX_IRQHandler
                0x08001288                TIM1_UP_IRQHandler
                0x08001288                WWDG_IRQHandler
                0x08001288                TIM2_IRQHandler
                0x08001288                TIM1_BRK_IRQHandler
                0x08001288                EXTI1_IRQHandler
                0x08001288                USART2_IRQHandler
                0x08001288                I2C2_ER_IRQHandler
                0x08001288                DMA1_Channel2_IRQHandler
                0x08001288                CAN1_SCE_IRQHandler
                0x08001288                FLASH_IRQHandler
                0x08001288                USART1_IRQHandler
                0x08001288                I2C1_ER_IRQHandler
                0x08001288                USBWakeUp_IRQHandler
 *fill*         0x0800128a        0x2 
 .text.HAL_Init
                0x0800128c       0x2c ./Drivers/STM32F1xx_HAL_Driver/Src/stm32f1xx_hal.o
                0x0800128c                HAL_Init
 .text.HAL_InitTick
                0x080012b8       0x60 ./Drivers/STM32F1xx_HAL_Driver/Src/stm32f1xx_hal.o
                0x080012b8                HAL_InitTick
 .text.HAL_IncTick
                0x08001318       0x24 ./Drivers/STM32F1xx_HAL_Driver/Src/stm32f1xx_hal.o
                0x08001318                HAL_IncTick
 .text.HAL_GetTick
                0x0800133c       0x14 ./Drivers/STM32F1xx_HAL_Driver/Src/stm32f1xx_hal.o
                0x0800133c                HAL_GetTick
 .text.HAL_Delay
                0x08001350       0x48 ./Drivers/STM32F1xx_HAL_Driver/Src/stm32f1xx_hal.o
                0x08001350                HAL_Delay
 .text.__NVIC_SetPriorityGrouping
                0x08001398       0x48 ./Drivers/STM32F1xx_HAL_Driver/Src/stm32f1xx_hal_cortex.o
 .text.__NVIC_GetPriorityGrouping
                0x080013e0       0x1c ./Drivers/STM32F1xx_HAL_Driver/Src/stm32f1xx_hal_cortex.o
 .text.__NVIC_EnableIRQ
                0x080013fc       0x38 ./Drivers/STM32F1xx_HAL_Driver/Src/stm32f1xx_hal_cortex.o
 .text.__NVIC_SetPriority
                0x08001434       0x54 ./Drivers/STM32F1xx_HAL_Driver/Src/stm32f1xx_hal_cortex.o
 .text.NVIC_EncodePriority
                0x08001488       0x64 ./Drivers/STM32F1xx_HAL_Driver/Src/stm32f1xx_hal_cortex.o
 .text.SysTick_Config
                0x080014ec       0x44 ./Drivers/STM32F1xx_HAL_Driver/Src/stm32f1xx_hal_cortex.o
 .text.HAL_NVIC_SetPriorityGrouping
                0x08001530       0x16 ./Drivers/STM32F1xx_HAL_Driver/Src/stm32f1xx_hal_cortex.o
                0x08001530                HAL_NVIC_SetPriorityGrouping
 .text.HAL_NVIC_SetPriority
                0x08001546       0x38 ./Drivers/STM32F1xx_HAL_Driver/Src/stm32f1xx_hal_cortex.o
                0x08001546                HAL_NVIC_SetPriority
 .text.HAL_NVIC_EnableIRQ
                0x0800157e       0x1c ./Drivers/STM32F1xx_HAL_Driver/Src/stm32f1xx_hal_cortex.o
                0x0800157e                HAL_NVIC_EnableIRQ
 .text.HAL_SYSTICK_Config
                0x0800159a       0x18 ./Drivers/STM32F1xx_HAL_Driver/Src/stm32f1xx_hal_cortex.o
                0x0800159a                HAL_SYSTICK_Config
 *fill*         0x080015b2        0x2 
 .text.HAL_DMA_Init
                0x080015b4       0xb4 ./Drivers/STM32F1xx_HAL_Driver/Src/stm32f1xx_hal_dma.o
                0x080015b4                HAL_DMA_Init
 .text.HAL_DMA_Start_IT
                0x08001668       0xc0 ./Drivers/STM32F1xx_HAL_Driver/Src/stm32f1xx_hal_dma.o
                0x08001668                HAL_DMA_Start_IT
 .text.HAL_DMA_IRQHandler
                0x08001728      0x20c ./Drivers/STM32F1xx_HAL_Driver/Src/stm32f1xx_hal_dma.o
                0x08001728                HAL_DMA_IRQHandler
 .text.DMA_SetConfig
                0x08001934       0x5a ./Drivers/STM32F1xx_HAL_Driver/Src/stm32f1xx_hal_dma.o
 *fill*         0x0800198e        0x2 
 .text.HAL_GPIO_Init
                0x08001990      0x308 ./Drivers/STM32F1xx_HAL_Driver/Src/stm32f1xx_hal_gpio.o
                0x08001990                HAL_GPIO_Init
 .text.HAL_GPIO_WritePin
                0x08001c98       0x30 ./Drivers/STM32F1xx_HAL_Driver/Src/stm32f1xx_hal_gpio.o
                0x08001c98                HAL_GPIO_WritePin
 .text.HAL_RCC_OscConfig
                0x08001cc8      0x504 ./Drivers/STM32F1xx_HAL_Driver/Src/stm32f1xx_hal_rcc.o
                0x08001cc8                HAL_RCC_OscConfig
 .text.HAL_RCC_ClockConfig
                0x080021cc      0x1d4 ./Drivers/STM32F1xx_HAL_Driver/Src/stm32f1xx_hal_rcc.o
                0x080021cc                HAL_RCC_ClockConfig
 .text.HAL_RCC_GetSysClockFreq
                0x080023a0       0xa8 ./Drivers/STM32F1xx_HAL_Driver/Src/stm32f1xx_hal_rcc.o
                0x080023a0                HAL_RCC_GetSysClockFreq
 .text.RCC_Delay
                0x08002448       0x3c ./Drivers/STM32F1xx_HAL_Driver/Src/stm32f1xx_hal_rcc.o
 .text.HAL_SPI_Init
                0x08002484      0x108 ./Drivers/STM32F1xx_HAL_Driver/Src/stm32f1xx_hal_spi.o
                0x08002484                HAL_SPI_Init
 .text.HAL_SPI_Transmit
                0x0800258c      0x288 ./Drivers/STM32F1xx_HAL_Driver/Src/stm32f1xx_hal_spi.o
                0x0800258c                HAL_SPI_Transmit
 .text.HAL_SPI_Transmit_DMA
                0x08002814      0x164 ./Drivers/STM32F1xx_HAL_Driver/Src/stm32f1xx_hal_spi.o
                0x08002814                HAL_SPI_Transmit_DMA
 .text.HAL_SPI_TxCpltCallback
                0x08002978       0x12 ./Drivers/STM32F1xx_HAL_Driver/Src/stm32f1xx_hal_spi.o
                0x08002978                HAL_SPI_TxCpltCallback
 .text.HAL_SPI_TxHalfCpltCallback
                0x0800298a       0x12 ./Drivers/STM32F1xx_HAL_Driver/Src/stm32f1xx_hal_spi.o
                0x0800298a                HAL_SPI_TxHalfCpltCallback
 .text.HAL_SPI_ErrorCallback
                0x0800299c       0x12 ./Drivers/STM32F1xx_HAL_Driver/Src/stm32f1xx_hal_spi.o
                0x0800299c                HAL_SPI_ErrorCallback
 .text.SPI_DMATransmitCplt
                0x080029ae       0xa6 ./Drivers/STM32F1xx_HAL_Driver/Src/stm32f1xx_hal_spi.o
 .text.SPI_DMAHalfTransmitCplt
                0x08002a54       0x1c ./Drivers/STM32F1xx_HAL_Driver/Src/stm32f1xx_hal_spi.o
 .text.SPI_DMAError
                0x08002a70       0x40 ./Drivers/STM32F1xx_HAL_Driver/Src/stm32f1xx_hal_spi.o
 .text.SPI_WaitFlagStateUntilTimeout
                0x08002ab0      0x110 ./Drivers/STM32F1xx_HAL_Driver/Src/stm32f1xx_hal_spi.o
 .text.SPI_EndRxTxTransaction
                0x08002bc0       0x62 ./Drivers/STM32F1xx_HAL_Driver/Src/stm32f1xx_hal_spi.o
 .text.memset   0x08002c22       0x10 /opt/st/stm32cubeide_1.19.0_2/plugins/com.st.stm32cube.ide.mcu.externaltools.gnu-tools-for-stm32.13.3.rel1.linux64_1.0.0.202410170706/tools/bin/../lib/gcc/arm-none-eabi/13.3.1/../../../../arm-none-eabi/lib/thumb/v7-m/nofp/libc_nano.a(libc_a-memset.o)
                0x08002c22                memset
 *fill*         0x08002c32        0x2 
 .text.__libc_init_array
                0x08002c34       0x48 /opt/st/stm32cubeide_1.19.0_2/plugins/com.st.stm32cube.ide.mcu.externaltools.gnu-tools-for-stm32.13.3.rel1.linux64_1.0.0.202410170706/tools/bin/../lib/gcc/arm-none-eabi/13.3.1/../../../../arm-none-eabi/lib/thumb/v7-m/nofp/libc_nano.a(libc_a-init.o)
                0x08002c34                __libc_init_array
 *(.glue_7)
 .glue_7        0x08002c7c        0x0 linker stubs
 *(.glue_7t)
 .glue_7t       0x08002c7c        0x0 linker stubs
 *(.eh_frame)
 .eh_frame      0x08002c7c        0x0 /opt/st/stm32cubeide_1.19.0_2/plugins/com.st.stm32cube.ide.mcu.externaltools.gnu-tools-for-stm32.13.3.rel1.linux64_1.0.0.202410170706/tools/bin/../lib/gcc/arm-none-eabi/13.3.1/thumb/v7-m/nofp/crtbegin.o
 *(.init)
 .init          0x08002c7c        0x4 /opt/st/stm32cubeide_1.19.0_2/plugins/com.st.stm32cube.ide.mcu.externaltools.gnu-tools-for-stm32.13.3.rel1.linux64_1.0.0.202410170706/tools/bin/../lib/gcc/arm-none-eabi/13.3.1/thumb/v7-m/nofp/crti.o
                0x08002c7c                _init
 .init          0x08002c80        0x8 /opt/st/stm32cubeide_1.19.0_2/plugins/com.st.stm32cube.ide.mcu.externaltools.gnu-tools-for-stm32.13.3.rel1.linux64_1.0.0.202410170706/tools/bin/../lib/gcc/arm-none-eabi/13.3.1/thumb/v7-m/nofp/crtn.o
 *(.fini)
 .fini          0x08002c88        0x4 /opt/st/stm32cubeide_1.19.0_2/plugins/com.st.stm32cube.ide.mcu.externaltools.gnu-tools-for-stm32.13.3.rel1.linux64_1.0.0.202410170706/tools/bin/../lib/gcc/arm-none-eabi/13.3.1/thumb/v7-m/nofp/crti.o
                0x08002c88                _fini
 .fini          0x08002c8c        0x8 /opt/st/stm32cubeide_1.19.0_2/plugins/com.st.stm32cube.ide.mcu.externaltools.gnu-tools-for-stm32.13.3.rel1.linux64_1.0.0.202410170706/tools/bin/../lib/gcc/arm-none-eabi/13.3.1/thumb/v7-m/nofp/crtn.o
                0x08002c94                        . = ALIGN (0x4)
                0x08002c94                        _etext = .

.vfp11_veneer   0x08002c94        0x0
 .vfp11_veneer  0x08002c94        0x0 linker stubs

.v4_bx          0x08002c94        0x0
 .v4_bx         0x08002c94        0x0 linker stubs

.iplt           0x08002c94        0x0
 .iplt          0x08002c94        0x0 /opt/st/stm32cubeide_1.19.0_2/plugins/com.st.stm32cube.ide.mcu.externaltools.gnu-tools-for-stm32.13.3.rel1.linux64_1.0.0.202410170706/tools/bin/../lib/gcc/arm-none-eabi/13.3.1/thumb/v7-m/nofp/crtbegin.o

.rodata         0x08002c94     0x15b0
                0x08002c94                        . = ALIGN (0x4)
 *(.rodata)
 .rodata        0x08002c94       0x17 ./Core/Src/main.o
 *fill*         0x08002cab        0x1 
 .rodata        0x08002cac       0x26 ./Core/Src/st7789.o
 *(.rodata*)
 *fill*         0x08002cd2        0x2 
 .rodata.smiley_bitmap
                0x08002cd4      0x200 ./Core/Src/main.o
                0x08002cd4                smiley_bitmap
 .rodata.Font16x26Data
                0x08002ed4     0x134c ./Core/Src/st7789_font.o
                0x08002ed4                Font16x26Data
 .rodata.AHBPrescTable
                0x08004220       0x10 ./Core/Src/system_stm32f1xx.o
                0x08004220                AHBPrescTable
 .rodata.aPLLMULFactorTable.1
                0x08004230       0x10 ./Drivers/STM32F1xx_HAL_Driver/Src/stm32f1xx_hal_rcc.o
 .rodata.aPredivFactorTable.0
                0x08004240        0x2 ./Drivers/STM32F1xx_HAL_Driver/Src/stm32f1xx_hal_rcc.o
                0x08004244                        . = ALIGN (0x4)
 *fill*         0x08004242        0x2 

.ARM.extab      0x08004244        0x0
                0x08004244                        . = ALIGN (0x4)
 *(.ARM.extab* .gnu.linkonce.armextab.*)
                0x08004244                        . = ALIGN (0x4)

.ARM            0x08004244        0x0
                0x08004244                        . = ALIGN (0x4)
                0x08004244                        __exidx_start = .
 *(.ARM.exidx*)
                0x08004244                        __exidx_end = .
                0x08004244                        . = ALIGN (0x4)

.preinit_array  0x08004244        0x0
                0x08004244                        . = ALIGN (0x4)
                0x08004244                        PROVIDE (__preinit_array_start = .)
 *(.preinit_array*)
                0x08004244                        PROVIDE (__preinit_array_end = .)
                0x08004244                        . = ALIGN (0x4)

.init_array     0x08004244        0x4
                0x08004244                        . = ALIGN (0x4)
                0x08004244                        PROVIDE (__init_array_start = .)
 *(SORT_BY_NAME(.init_array.*))
 *(.init_array*)
 .init_array    0x08004244        0x4 /opt/st/stm32cubeide_1.19.0_2/plugins/com.st.stm32cube.ide.mcu.externaltools.gnu-tools-for-stm32.13.3.rel1.linux64_1.0.0.202410170706/tools/bin/../lib/gcc/arm-none-eabi/13.3.1/thumb/v7-m/nofp/crtbegin.o
                0x08004248                        PROVIDE (__init_array_end = .)
                0x08004248                        . = ALIGN (0x4)

.fini_array     0x08004248        0x4
                0x08004248                        . = ALIGN (0x4)
                [!provide]                        PROVIDE (__fini_array_start = .)
 *(SORT_BY_NAME(.fini_array.*))
 *(.fini_array*)
 .fini_array    0x08004248        0x4 /opt/st/stm32cubeide_1.19.0_2/plugins/com.st.stm32cube.ide.mcu.externaltools.gnu-tools-for-stm32.13.3.rel1.linux64_1.0.0.202410170706/tools/bin/../lib/gcc/arm-none-eabi/13.3.1/thumb/v7-m/nofp/crtbegin.o
                [!provide]                        PROVIDE (__fini_array_end = .)
                0x0800424c                        . = ALIGN (0x4)
                0x0800424c                        _sidata = LOADADDR (.data)

.rel.dyn        0x0800424c        0x0
 .rel.iplt      0x0800424c        0x0 /opt/st/stm32cubeide_1.19.0_2/plugins/com.st.stm32cube.ide.mcu.externaltools.gnu-tools-for-stm32.13.3.rel1.linux64_1.0.0.202410170706/tools/bin/../lib/gcc/arm-none-eabi/13.3.1/thumb/v7-m/nofp/crtbegin.o

.data           0x20000000       0x14 load address 0x0800424c
                0x20000000                        . = ALIGN (0x4)
                0x20000000                        _sdata = .
 *(.data)
 *(.data*)
 .data.Font_16x26
                0x20000000        0x8 ./Core/Src/st7789_font.o
                0x20000000                Font_16x26
 .data.SystemCoreClock
                0x20000008        0x4 ./Core/Src/system_stm32f1xx.o
                0x20000008                SystemCoreClock
 .data.uwTickPrio
                0x2000000c        0x4 ./Drivers/STM32F1xx_HAL_Driver/Src/stm32f1xx_hal.o
                0x2000000c                uwTickPrio
 .data.uwTickFreq
                0x20000010        0x1 ./Drivers/STM32F1xx_HAL_Driver/Src/stm32f1xx_hal.o
                0x20000010                uwTickFreq
 *(.RamFunc)
 *(.RamFunc*)
                0x20000014                        . = ALIGN (0x4)
 *fill*         0x20000011        0x3 
                0x20000014                        _edata = .

.igot.plt       0x20000014        0x0 load address 0x08004260
 .igot.plt      0x20000014        0x0 /opt/st/stm32cubeide_1.19.0_2/plugins/com.st.stm32cube.ide.mcu.externaltools.gnu-tools-for-stm32.13.3.rel1.linux64_1.0.0.202410170706/tools/bin/../lib/gcc/arm-none-eabi/13.3.1/thumb/v7-m/nofp/crtbegin.o
                0x20000014                        . = ALIGN (0x4)

.bss            0x20000014      0xa1c load address 0x08004260
                0x20000014                        _sbss = .
                0x20000014                        __bss_start__ = _sbss
 *(.bss)
 .bss           0x20000014       0x1c /opt/st/stm32cubeide_1.19.0_2/plugins/com.st.stm32cube.ide.mcu.externaltools.gnu-tools-for-stm32.13.3.rel1.linux64_1.0.0.202410170706/tools/bin/../lib/gcc/arm-none-eabi/13.3.1/thumb/v7-m/nofp/crtbegin.o
 *(.bss*)
 .bss.hspi1     0x20000030       0x58 ./Core/Src/main.o
                0x20000030                hspi1
 .bss.hdma_spi1_tx
                0x20000088       0x44 ./Core/Src/main.o
                0x20000088                hdma_spi1_tx
 .bss.LCDBuffer
                0x200000cc      0x960 ./Core/Src/st7789.o
                0x200000cc                LCDBuffer
 .bss.uwTick    0x20000a2c        0x4 ./Drivers/STM32F1xx_HAL_Driver/Src/stm32f1xx_hal.o
                0x20000a2c                uwTick
 *(COMMON)
                0x20000a30                        . = ALIGN (0x4)
                0x20000a30                        _ebss = .
                0x20000a30                        __bss_end__ = _ebss

._user_heap_stack
                0x20000a30     0x4000 load address 0x08004260
                0x20000a30                        . = ALIGN (0x8)
                [!provide]                        PROVIDE (end = .)
                0x20000a30                        PROVIDE (_end = .)
                0x20003a30                        . = (. + _Min_Heap_Size)
 *fill*         0x20000a30     0x3000 
                0x20004a30                        . = (. + _Min_Stack_Size)
 *fill*         0x20003a30     0x1000 
                0x20004a30                        . = ALIGN (0x8)

/DISCARD/
 libc.a(*)
 libm.a(*)
 libgcc.a(*)

.ARM.attributes
                0x00000000       0x29
 *(.ARM.attributes)
 .ARM.attributes
                0x00000000       0x1d /opt/st/stm32cubeide_1.19.0_2/plugins/com.st.stm32cube.ide.mcu.externaltools.gnu-tools-for-stm32.13.3.rel1.linux64_1.0.0.202410170706/tools/bin/../lib/gcc/arm-none-eabi/13.3.1/thumb/v7-m/nofp/crti.o
 .ARM.attributes
                0x0000001d       0x2d /opt/st/stm32cubeide_1.19.0_2/plugins/com.st.stm32cube.ide.mcu.externaltools.gnu-tools-for-stm32.13.3.rel1.linux64_1.0.0.202410170706/tools/bin/../lib/gcc/arm-none-eabi/13.3.1/thumb/v7-m/nofp/crtbegin.o
 .ARM.attributes
                0x0000004a       0x2d ./Core/Src/main.o
 .ARM.attributes
                0x00000077       0x2d ./Core/Src/st7789.o
 .ARM.attributes
                0x000000a4       0x2d ./Core/Src/st7789_font.o
 .ARM.attributes
                0x000000d1       0x2d ./Core/Src/stm32f1xx_hal_msp.o
 .ARM.attributes
                0x000000fe       0x2d ./Core/Src/stm32f1xx_it.o
 .ARM.attributes
                0x0000012b       0x2d ./Core/Src/system_stm32f1xx.o
 .ARM.attributes
                0x00000158       0x21 ./Core/Startup/startup_stm32f103c8tx.o
 .ARM.attributes
                0x00000179       0x2d ./Drivers/STM32F1xx_HAL_Driver/Src/stm32f1xx_hal.o
 .ARM.attributes
                0x000001a6       0x2d ./Drivers/STM32F1xx_HAL_Driver/Src/stm32f1xx_hal_cortex.o
 .ARM.attributes
                0x000001d3       0x2d ./Drivers/STM32F1xx_HAL_Driver/Src/stm32f1xx_hal_dma.o
 .ARM.attributes
                0x00000200       0x2d ./Drivers/STM32F1xx_HAL_Driver/Src/stm32f1xx_hal_gpio.o
 .ARM.attributes
                0x0000022d       0x2d ./Drivers/STM32F1xx_HAL_Driver/Src/stm32f1xx_hal_rcc.o
 .ARM.attributes
                0x0000025a       0x2d ./Drivers/STM32F1xx_HAL_Driver/Src/stm32f1xx_hal_spi.o
 .ARM.attributes
                0x00000287       0x2d /opt/st/stm32cubeide_1.19.0_2/plugins/com.st.stm32cube.ide.mcu.externaltools.gnu-tools-for-stm32.13.3.rel1.linux64_1.0.0.202410170706/tools/bin/../lib/gcc/arm-none-eabi/13.3.1/../../../../arm-none-eabi/lib/thumb/v7-m/nofp/libc_nano.a(libc_a-memset.o)
 .ARM.attributes
                0x000002b4       0x2d /opt/st/stm32cubeide_1.19.0_2/plugins/com.st.stm32cube.ide.mcu.externaltools.gnu-tools-for-stm32.13.3.rel1.linux64_1.0.0.202410170706/tools/bin/../lib/gcc/arm-none-eabi/13.3.1/../../../../arm-none-eabi/lib/thumb/v7-m/nofp/libc_nano.a(libc_a-init.o)
 .ARM.attributes
                0x000002e1       0x1d /opt/st/stm32cubeide_1.19.0_2/plugins/com.st.stm32cube.ide.mcu.externaltools.gnu-tools-for-stm32.13.3.rel1.linux64_1.0.0.202410170706/tools/bin/../lib/gcc/arm-none-eabi/13.3.1/thumb/v7-m/nofp/crtn.o
OUTPUT(display2.elf elf32-littlearm)
LOAD linker stubs
LOAD /opt/st/stm32cubeide_1.19.0_2/plugins/com.st.stm32cube.ide.mcu.externaltools.gnu-tools-for-stm32.13.3.rel1.linux64_1.0.0.202410170706/tools/bin/../lib/gcc/arm-none-eabi/13.3.1/../../../../arm-none-eabi/lib/thumb/v7-m/nofp/libc.a
LOAD /opt/st/stm32cubeide_1.19.0_2/plugins/com.st.stm32cube.ide.mcu.externaltools.gnu-tools-for-stm32.13.3.rel1.linux64_1.0.0.202410170706/tools/bin/../lib/gcc/arm-none-eabi/13.3.1/../../../../arm-none-eabi/lib/thumb/v7-m/nofp/libm.a
LOAD /opt/st/stm32cubeide_1.19.0_2/plugins/com.st.stm32cube.ide.mcu.externaltools.gnu-tools-for-stm32.13.3.rel1.linux64_1.0.0.202410170706/tools/bin/../lib/gcc/arm-none-eabi/13.3.1/thumb/v7-m/nofp/libgcc.a

.debug_info     0x00000000     0x6d24
 .debug_info    0x00000000      0xf52 ./Core/Src/main.o
 .debug_info    0x00000f52     0x139f ./Core/Src/st7789.o
 .debug_info    0x000022f1      0x1ec ./Core/Src/st7789_font.o
 .debug_info    0x000024dd      0x88d ./Core/Src/stm32f1xx_hal_msp.o
 .debug_info    0x00002d6a      0x35e ./Core/Src/stm32f1xx_it.o
 .debug_info    0x000030c8      0x222 ./Core/Src/system_stm32f1xx.o
 .debug_info    0x000032ea       0x30 ./Core/Startup/startup_stm32f103c8tx.o
 .debug_info    0x0000331a      0x704 ./Drivers/STM32F1xx_HAL_Driver/Src/stm32f1xx_hal.o
 .debug_info    0x00003a1e      0xa87 ./Drivers/STM32F1xx_HAL_Driver/Src/stm32f1xx_hal_cortex.o
 .debug_info    0x000044a5      0x6d2 ./Drivers/STM32F1xx_HAL_Driver/Src/stm32f1xx_hal_dma.o
 .debug_info    0x00004b77      0x5ab ./Drivers/STM32F1xx_HAL_Driver/Src/stm32f1xx_hal_gpio.o
 .debug_info    0x00005122      0x7d5 ./Drivers/STM32F1xx_HAL_Driver/Src/stm32f1xx_hal_rcc.o
 .debug_info    0x000058f7     0x142d ./Drivers/STM32F1xx_HAL_Driver/Src/stm32f1xx_hal_spi.o

.debug_abbrev   0x00000000     0x1960
 .debug_abbrev  0x00000000      0x32a ./Core/Src/main.o
 .debug_abbrev  0x0000032a      0x2b9 ./Core/Src/st7789.o
 .debug_abbrev  0x000005e3       0xc6 ./Core/Src/st7789_font.o
 .debug_abbrev  0x000006a9      0x1eb ./Core/Src/stm32f1xx_hal_msp.o
 .debug_abbrev  0x00000894      0x16e ./Core/Src/stm32f1xx_it.o
 .debug_abbrev  0x00000a02      0x13f ./Core/Src/system_stm32f1xx.o
 .debug_abbrev  0x00000b41       0x24 ./Core/Startup/startup_stm32f103c8tx.o
 .debug_abbrev  0x00000b65      0x201 ./Drivers/STM32F1xx_HAL_Driver/Src/stm32f1xx_hal.o
 .debug_abbrev  0x00000d66      0x2f8 ./Drivers/STM32F1xx_HAL_Driver/Src/stm32f1xx_hal_cortex.o
 .debug_abbrev  0x0000105e      0x20b ./Drivers/STM32F1xx_HAL_Driver/Src/stm32f1xx_hal_dma.o
 .debug_abbrev  0x00001269      0x1ca ./Drivers/STM32F1xx_HAL_Driver/Src/stm32f1xx_hal_gpio.o
 .debug_abbrev  0x00001433      0x2b3 ./Drivers/STM32F1xx_HAL_Driver/Src/stm32f1xx_hal_rcc.o
 .debug_abbrev  0x000016e6      0x27a ./Drivers/STM32F1xx_HAL_Driver/Src/stm32f1xx_hal_spi.o

.debug_aranges  0x00000000      0x750
 .debug_aranges
                0x00000000       0x60 ./Core/Src/main.o
 .debug_aranges
                0x00000060       0xd8 ./Core/Src/st7789.o
 .debug_aranges
                0x00000138       0x18 ./Core/Src/st7789_font.o
 .debug_aranges
                0x00000150       0x30 ./Core/Src/stm32f1xx_hal_msp.o
 .debug_aranges
                0x00000180       0x68 ./Core/Src/stm32f1xx_it.o
 .debug_aranges
                0x000001e8       0x28 ./Core/Src/system_stm32f1xx.o
 .debug_aranges
                0x00000210       0x28 ./Core/Startup/startup_stm32f103c8tx.o
 .debug_aranges
                0x00000238       0xe0 ./Drivers/STM32F1xx_HAL_Driver/Src/stm32f1xx_hal.o
 .debug_aranges
                0x00000318      0x100 ./Drivers/STM32F1xx_HAL_Driver/Src/stm32f1xx_hal_cortex.o
 .debug_aranges
                0x00000418       0x80 ./Drivers/STM32F1xx_HAL_Driver/Src/stm32f1xx_hal_dma.o
 .debug_aranges
                0x00000498       0x58 ./Drivers/STM32F1xx_HAL_Driver/Src/stm32f1xx_hal_gpio.o
 .debug_aranges
                0x000004f0       0x90 ./Drivers/STM32F1xx_HAL_Driver/Src/stm32f1xx_hal_rcc.o
 .debug_aranges
                0x00000580      0x1d0 ./Drivers/STM32F1xx_HAL_Driver/Src/stm32f1xx_hal_spi.o

.debug_rnglists
                0x00000000      0x567
 .debug_rnglists
                0x00000000       0x47 ./Core/Src/main.o
 .debug_rnglists
                0x00000047       0xa9 ./Core/Src/st7789.o
 .debug_rnglists
                0x000000f0       0x20 ./Core/Src/stm32f1xx_hal_msp.o
 .debug_rnglists
                0x00000110       0x49 ./Core/Src/stm32f1xx_it.o
 .debug_rnglists
                0x00000159       0x1a ./Core/Src/system_stm32f1xx.o
 .debug_rnglists
                0x00000173       0x19 ./Core/Startup/startup_stm32f103c8tx.o
 .debug_rnglists
                0x0000018c       0xa3 ./Drivers/STM32F1xx_HAL_Driver/Src/stm32f1xx_hal.o
 .debug_rnglists
                0x0000022f       0xbb ./Drivers/STM32F1xx_HAL_Driver/Src/stm32f1xx_hal_cortex.o
 .debug_rnglists
                0x000002ea       0x64 ./Drivers/STM32F1xx_HAL_Driver/Src/stm32f1xx_hal_dma.o
 .debug_rnglists
                0x0000034e       0x3f ./Drivers/STM32F1xx_HAL_Driver/Src/stm32f1xx_hal_gpio.o
 .debug_rnglists
                0x0000038d       0x6c ./Drivers/STM32F1xx_HAL_Driver/Src/stm32f1xx_hal_rcc.o
 .debug_rnglists
                0x000003f9      0x16e ./Drivers/STM32F1xx_HAL_Driver/Src/stm32f1xx_hal_spi.o

.debug_macro    0x00000000    0x17276
 .debug_macro   0x00000000      0x2dc ./Core/Src/main.o
 .debug_macro   0x000002dc      0xacc ./Core/Src/main.o
 .debug_macro   0x00000da8      0x21b ./Core/Src/main.o
 .debug_macro   0x00000fc3       0x2e ./Core/Src/main.o
 .debug_macro   0x00000ff1       0x22 ./Core/Src/main.o
 .debug_macro   0x00001013       0x22 ./Core/Src/main.o
 .debug_macro   0x00001035       0x8e ./Core/Src/main.o
 .debug_macro   0x000010c3       0x51 ./Core/Src/main.o
 .debug_macro   0x00001114      0x103 ./Core/Src/main.o
 .debug_macro   0x00001217       0x6a ./Core/Src/main.o
 .debug_macro   0x00001281      0x1df ./Core/Src/main.o
 .debug_macro   0x00001460       0x1c ./Core/Src/main.o
 .debug_macro   0x0000147c       0x22 ./Core/Src/main.o
 .debug_macro   0x0000149e       0xbd ./Core/Src/main.o
 .debug_macro   0x0000155b      0xd23 ./Core/Src/main.o
 .debug_macro   0x0000227e     0xe09e ./Core/Src/main.o
 .debug_macro   0x0001031c       0x6d ./Core/Src/main.o
 .debug_macro   0x00010389     0x34a2 ./Core/Src/main.o
 .debug_macro   0x0001382b      0x190 ./Core/Src/main.o
 .debug_macro   0x000139bb       0x5c ./Core/Src/main.o
 .debug_macro   0x00013a17      0x5bc ./Core/Src/main.o
 .debug_macro   0x00013fd3      0x289 ./Core/Src/main.o
 .debug_macro   0x0001425c      0x1cb ./Core/Src/main.o
 .debug_macro   0x00014427      0x114 ./Core/Src/main.o
 .debug_macro   0x0001453b      0x1b2 ./Core/Src/main.o
 .debug_macro   0x000146ed       0x27 ./Core/Src/main.o
 .debug_macro   0x00014714      0x136 ./Core/Src/main.o
 .debug_macro   0x0001484a      0x1bc ./Core/Src/main.o
 .debug_macro   0x00014a06       0x34 ./Core/Src/main.o
 .debug_macro   0x00014a3a       0x3c ./Core/Src/main.o
 .debug_macro   0x00014a76       0x57 ./Core/Src/main.o
 .debug_macro   0x00014acd       0x87 ./Core/Src/main.o
 .debug_macro   0x00014b54      0x240 ./Core/Src/main.o
 .debug_macro   0x00014d94      0x140 ./Core/Src/main.o
 .debug_macro   0x00014ed4      0x217 ./Core/Src/main.o
 .debug_macro   0x000150eb       0x83 ./Core/Src/main.o
 .debug_macro   0x0001516e       0x34 ./Core/Src/main.o
 .debug_macro   0x000151a2       0x61 ./Core/Src/main.o
 .debug_macro   0x00015203       0x24 ./Core/Src/main.o
 .debug_macro   0x00015227       0x43 ./Core/Src/main.o
 .debug_macro   0x0001526a       0x34 ./Core/Src/main.o
 .debug_macro   0x0001529e      0x370 ./Core/Src/main.o
 .debug_macro   0x0001560e       0x16 ./Core/Src/main.o
 .debug_macro   0x00015624       0x4a ./Core/Src/main.o
 .debug_macro   0x0001566e       0x34 ./Core/Src/main.o
 .debug_macro   0x000156a2       0x10 ./Core/Src/main.o
 .debug_macro   0x000156b2       0x58 ./Core/Src/main.o
 .debug_macro   0x0001570a       0x8e ./Core/Src/main.o
 .debug_macro   0x00015798       0x1c ./Core/Src/main.o
 .debug_macro   0x000157b4      0x185 ./Core/Src/main.o
 .debug_macro   0x00015939      0x19b ./Core/Src/main.o
 .debug_macro   0x00015ad4       0x5e ./Core/Src/main.o
 .debug_macro   0x00015b32       0x16 ./Core/Src/main.o
 .debug_macro   0x00015b48       0x3c ./Core/Src/main.o
 .debug_macro   0x00015b84       0x20 ./Core/Src/main.o
 .debug_macro   0x00015ba4       0x74 ./Core/Src/main.o
 .debug_macro   0x00015c18       0x16 ./Core/Src/main.o
 .debug_macro   0x00015c2e       0x16 ./Core/Src/main.o
 .debug_macro   0x00015c44       0x29 ./Core/Src/main.o
 .debug_macro   0x00015c6d      0x2ca ./Core/Src/st7789.o
 .debug_macro   0x00015f37       0x3a ./Core/Src/st7789.o
 .debug_macro   0x00015f71      0x29a ./Core/Src/st7789_font.o
 .debug_macro   0x0001620b       0x5b ./Core/Src/st7789_font.o
 .debug_macro   0x00016266       0x94 ./Core/Src/st7789_font.o
 .debug_macro   0x000162fa       0x57 ./Core/Src/st7789_font.o
 .debug_macro   0x00016351       0x56 ./Core/Src/st7789_font.o
 .debug_macro   0x000163a7      0x19d ./Core/Src/stm32f1xx_hal_msp.o
 .debug_macro   0x00016544      0x1a7 ./Core/Src/stm32f1xx_it.o
 .debug_macro   0x000166eb      0x18e ./Core/Src/system_stm32f1xx.o
 .debug_macro   0x00016879      0x1b2 ./Drivers/STM32F1xx_HAL_Driver/Src/stm32f1xx_hal.o
 .debug_macro   0x00016a2b      0x18e ./Drivers/STM32F1xx_HAL_Driver/Src/stm32f1xx_hal_cortex.o
 .debug_macro   0x00016bb9      0x18e ./Drivers/STM32F1xx_HAL_Driver/Src/stm32f1xx_hal_dma.o
 .debug_macro   0x00016d47      0x1f9 ./Drivers/STM32F1xx_HAL_Driver/Src/stm32f1xx_hal_gpio.o
 .debug_macro   0x00016f40      0x1a0 ./Drivers/STM32F1xx_HAL_Driver/Src/stm32f1xx_hal_rcc.o
 .debug_macro   0x000170e0      0x196 ./Drivers/STM32F1xx_HAL_Driver/Src/stm32f1xx_hal_spi.o

.debug_line     0x00000000     0x858e
 .debug_line    0x00000000      0x9cb ./Core/Src/main.o
 .debug_line    0x000009cb      0xd9f ./Core/Src/st7789.o
 .debug_line    0x0000176a      0x784 ./Core/Src/st7789_font.o
 .debug_line    0x00001eee      0x689 ./Core/Src/stm32f1xx_hal_msp.o
 .debug_line    0x00002577      0x6de ./Core/Src/stm32f1xx_it.o
 .debug_line    0x00002c55      0x696 ./Core/Src/system_stm32f1xx.o
 .debug_line    0x000032eb       0x78 ./Core/Startup/startup_stm32f103c8tx.o
 .debug_line    0x00003363      0x8c7 ./Drivers/STM32F1xx_HAL_Driver/Src/stm32f1xx_hal.o
 .debug_line    0x00003c2a      0xa91 ./Drivers/STM32F1xx_HAL_Driver/Src/stm32f1xx_hal_cortex.o
 .debug_line    0x000046bb      0xcd1 ./Drivers/STM32F1xx_HAL_Driver/Src/stm32f1xx_hal_dma.o
 .debug_line    0x0000538c      0x924 ./Drivers/STM32F1xx_HAL_Driver/Src/stm32f1xx_hal_gpio.o
 .debug_line    0x00005cb0      0xd80 ./Drivers/STM32F1xx_HAL_Driver/Src/stm32f1xx_hal_rcc.o
 .debug_line    0x00006a30     0x1b5e ./Drivers/STM32F1xx_HAL_Driver/Src/stm32f1xx_hal_spi.o

.debug_str      0x00000000    0x82714
 .debug_str     0x00000000    0x82714 ./Core/Src/main.o
                              0x80f0e (size before relaxing)
 .debug_str     0x00082714    0x81109 ./Core/Src/st7789.o
 .debug_str     0x00082714    0x801e1 ./Core/Src/st7789_font.o
 .debug_str     0x00082714    0x7c783 ./Core/Src/stm32f1xx_hal_msp.o
 .debug_str     0x00082714    0x7c4f2 ./Core/Src/stm32f1xx_it.o
 .debug_str     0x00082714    0x7c24c ./Core/Src/system_stm32f1xx.o
 .debug_str     0x00082714       0x7d ./Core/Startup/startup_stm32f103c8tx.o
 .debug_str     0x00082714    0x7c97f ./Drivers/STM32F1xx_HAL_Driver/Src/stm32f1xx_hal.o
 .debug_str     0x00082714    0x7c8cb ./Drivers/STM32F1xx_HAL_Driver/Src/stm32f1xx_hal_cortex.o
 .debug_str     0x00082714    0x7c5f5 ./Drivers/STM32F1xx_HAL_Driver/Src/stm32f1xx_hal_dma.o
 .debug_str     0x00082714    0x7c5d2 ./Drivers/STM32F1xx_HAL_Driver/Src/stm32f1xx_hal_gpio.o
 .debug_str     0x00082714    0x7c67b ./Drivers/STM32F1xx_HAL_Driver/Src/stm32f1xx_hal_rcc.o
 .debug_str     0x00082714    0x7cb72 ./Drivers/STM32F1xx_HAL_Driver/Src/stm32f1xx_hal_spi.o

.comment        0x00000000       0x43
 .comment       0x00000000       0x43 ./Core/Src/main.o
                                 0x44 (size before relaxing)
 .comment       0x00000043       0x44 ./Core/Src/st7789.o
 .comment       0x00000043       0x44 ./Core/Src/st7789_font.o
 .comment       0x00000043       0x44 ./Core/Src/stm32f1xx_hal_msp.o
 .comment       0x00000043       0x44 ./Core/Src/stm32f1xx_it.o
 .comment       0x00000043       0x44 ./Core/Src/system_stm32f1xx.o
 .comment       0x00000043       0x44 ./Drivers/STM32F1xx_HAL_Driver/Src/stm32f1xx_hal.o
 .comment       0x00000043       0x44 ./Drivers/STM32F1xx_HAL_Driver/Src/stm32f1xx_hal_cortex.o
 .comment       0x00000043       0x44 ./Drivers/STM32F1xx_HAL_Driver/Src/stm32f1xx_hal_dma.o
 .comment       0x00000043       0x44 ./Drivers/STM32F1xx_HAL_Driver/Src/stm32f1xx_hal_gpio.o
 .comment       0x00000043       0x44 ./Drivers/STM32F1xx_HAL_Driver/Src/stm32f1xx_hal_rcc.o
 .comment       0x00000043       0x44 ./Drivers/STM32F1xx_HAL_Driver/Src/stm32f1xx_hal_spi.o

.debug_frame    0x00000000     0x1c30
 .debug_frame   0x00000000      0x140 ./Core/Src/main.o
 .debug_frame   0x00000140      0x3c0 ./Core/Src/st7789.o
 .debug_frame   0x00000500       0x80 ./Core/Src/stm32f1xx_hal_msp.o
 .debug_frame   0x00000580      0x120 ./Core/Src/stm32f1xx_it.o
 .debug_frame   0x000006a0       0x58 ./Core/Src/system_stm32f1xx.o
 .debug_frame   0x000006f8      0x334 ./Drivers/STM32F1xx_HAL_Driver/Src/stm32f1xx_hal.o
 .debug_frame   0x00000a2c      0x428 ./Drivers/STM32F1xx_HAL_Driver/Src/stm32f1xx_hal_cortex.o
 .debug_frame   0x00000e54      0x208 ./Drivers/STM32F1xx_HAL_Driver/Src/stm32f1xx_hal_dma.o
 .debug_frame   0x0000105c      0x14c ./Drivers/STM32F1xx_HAL_Driver/Src/stm32f1xx_hal_gpio.o
 .debug_frame   0x000011a8      0x218 ./Drivers/STM32F1xx_HAL_Driver/Src/stm32f1xx_hal_rcc.o
 .debug_frame   0x000013c0      0x824 ./Drivers/STM32F1xx_HAL_Driver/Src/stm32f1xx_hal_spi.o
 .debug_frame   0x00001be4       0x20 /opt/st/stm32cubeide_1.19.0_2/plugins/com.st.stm32cube.ide.mcu.externaltools.gnu-tools-for-stm32.13.3.rel1.linux64_1.0.0.202410170706/tools/bin/../lib/gcc/arm-none-eabi/13.3.1/../../../../arm-none-eabi/lib/thumb/v7-m/nofp/libc_nano.a(libc_a-memset.o)
 .debug_frame   0x00001c04       0x2c /opt/st/stm32cubeide_1.19.0_2/plugins/com.st.stm32cube.ide.mcu.externaltools.gnu-tools-for-stm32.13.3.rel1.linux64_1.0.0.202410170706/tools/bin/../lib/gcc/arm-none-eabi/13.3.1/../../../../arm-none-eabi/lib/thumb/v7-m/nofp/libc_nano.a(libc_a-init.o)

.debug_line_str
                0x00000000       0x61
 .debug_line_str
                0x00000000       0x61 ./Core/Startup/startup_stm32f103c8tx.o
