00:00:06 **** Incremental Build of configuration Debug for project test1 ****
make -j28 all 
arm-none-eabi-gcc "../Core/Src/main.c" -mcpu=cortex-m3 -std=gnu11 -g3 -DDEBUG -DUSE_HAL_DRIVER -DSTM32F103xB -c -I../Core/Inc -I../Drivers/STM32F1xx_HAL_Driver/Inc/Legacy -I../Drivers/STM32F1xx_HAL_Driver/Inc -I../Drivers/CMSIS/Device/ST/STM32F1xx/Include -I../Drivers/CMSIS/Include -O0 -ffunction-sections -fdata-sections -Wall -fstack-usage -fcyclomatic-complexity -MMD -MP -MF"Core/Src/main.d" -MT"Core/Src/main.o" --specs=nano.specs -mfloat-abi=soft -mthumb -o "Core/Src/main.o"
arm-none-eabi-gcc -o "test1.elf" @"objects.list"   -mcpu=cortex-m3 -T"/home/user1/STM32CubeIDE/workspace_1.19.0/test1/STM32F103C8TX_FLASH.ld" --specs=nosys.specs -Wl,-Map="test1.map" -Wl,--gc-sections -static --specs=nano.specs -mfloat-abi=soft -mthumb -Wl,--start-group -lc -lm -Wl,--end-group
Finished building target: test1.elf
 
arm-none-eabi-size  test1.elf 
arm-none-eabi-objdump -h -S test1.elf  > "test1.list"
   text	   data	    bss	    dec	    hex	filename
   4928	     12	   1572	   6512	   1970	test1.elf
Finished building: default.size.stdout
 
Finished building: test1.list
 
00:00:09 **** Incremental Build of configuration Debug for project test1 ****
make -j28 all 
arm-none-eabi-size  test1.elf 
   text	   data	    bss	    dec	    hex	filename
   4928	     12	   1572	   6512	   1970	test1.elf
Finished building: default.size.stdout
 
