../Core/Src/st7789.c:50:6:ST7789_TransmitCommand	16	static
../Core/Src/st7789.c:67:6:ST7789_TransmitSingleData	16	static
../Core/Src/st7789.c:85:6:ST7789_TransmitData	24	static
../Core/Src/st7789.c:134:6:ST7789_Init	56	static
../Core/Src/st7789.c:207:6:ST7789_SetRotation	16	static
../Core/Src/st7789.c:232:6:ST7789_SetWindowAddress	32	static
../Core/Src/st7789.c:258:6:ST7789_InvertColors	16	static
../Core/Src/st7789.c:266:6:ST7789_TearEffect	16	static
../Core/Src/st7789.c:275:21:ST7789_Color_GetFromRGB	24	static
../Core/Src/st7789.c:289:21:ST7789_Color_GetFromHex	24	static
../Core/Src/st7789.c:304:6:ST7789_Fill	32	static
../Core/Src/st7789.c:331:6:ST7789_FillScreen	32	static
../Core/Src/st7789.c:381:6:ST7789_DrawPixel	24	static
../Core/Src/st7789.c:399:6:ST7789_DrawPixel_4px	32	static
../Core/Src/st7789.c:413:6:ST7789_DrawLine	40	static
../Core/Src/st7789.c:493:6:ST7789_DrawRectangle	32	static
../Core/Src/st7789.c:504:6:ST7789_DrawFilledRectangle	40	static
../Core/Src/st7789.c:534:6:ST7789_DrawCircle	40	static
../Core/Src/st7789.c:577:6:ST7789_DrawFilledCircle	48	static
../Core/Src/st7789.c:617:6:ST7789_DrawTriangle	32	static
../Core/Src/st7789.c:627:6:ST7789_DrawFilledTriangle	56	static
../Core/Src/st7789.c:701:6:ST7789_PutImage	24	static
../Core/Src/st7789.c:720:6:ST7789_PutChar	40	static
../Core/Src/st7789.c:756:6:ST7789_PutString	32	static
